---
http_interactions:
- request:
    method: get
    uri: http://crypto-class.appspot.com/po?er=f20bdba6ff29eed7b046d1df9fb7000058b1ffb4210a580f748b4ac714c001bd4a61044426fb515dad3f21f18aa577c0bdf302936266926ff37dbf7035d5eeb4
    body:
      encoding: US-ASCII
      string: ''
    headers:
      Accept-Encoding:
      - gzip;q=1.0,deflate;q=0.6,identity;q=0.3
      Accept:
      - '*/*'
      User-Agent:
      - Ruby
  response:
    status:
      code: 200
      message: OK
    headers:
      Content-Type:
      - text/html; charset=utf-8
      Cache-Control:
      - no-cache
      Expires:
      - Fri, 01 Jan 1990 00:00:00 GMT
      Date:
      - Sat, 12 Oct 2013 01:14:51 GMT
      Server:
      - Google Frontend
      Content-Length:
      - '0'
      Alternate-Protocol:
      - 80:quic
    body:
      encoding: UTF-8
      string: ''
    http_version: 
  recorded_at: Sat, 12 Oct 2013 01:14:51 GMT
- request:
    method: get
    uri: http://crypto-class.appspot.com/po?er=f20bdba6ff29eed7b046d1df9fb7000058b1ffb4210a580f748b4ac714c001bd4a61044426fb515dad3f21f18aa577c3bdf302936266926ff37dbf7035d5eeb4
    body:
      encoding: US-ASCII
      string: ''
    headers:
      Accept-Encoding:
      - gzip;q=1.0,deflate;q=0.6,identity;q=0.3
      Accept:
      - '*/*'
      User-Agent:
      - Ruby
  response:
    status:
      code: 403
      message: Forbidden
    headers:
      Content-Type:
      - text/html; charset=utf-8
      Cache-Control:
      - no-cache
      Expires:
      - Fri, 01 Jan 1990 00:00:00 GMT
      Date:
      - Sat, 12 Oct 2013 01:14:51 GMT
      Server:
      - Google Frontend
      Content-Length:
      - '0'
      Alternate-Protocol:
      - 80:quic
    body:
      encoding: UTF-8
      string: ''
    http_version: 
  recorded_at: Sat, 12 Oct 2013 01:14:51 GMT
- request:
    method: get
    uri: http://crypto-class.appspot.com/po?er=f20bdba6ff29eed7b046d1df9fb7000058b1ffb4210a580f748b4ac714c001bd4a61044426fb515dad3f21f18aa577c2bdf302936266926ff37dbf7035d5eeb4
    body:
      encoding: US-ASCII
      string: ''
    headers:
      Accept-Encoding:
      - gzip;q=1.0,deflate;q=0.6,identity;q=0.3
      Accept:
      - '*/*'
      User-Agent:
      - Ruby
  response:
    status:
      code: 403
      message: Forbidden
    headers:
      Content-Type:
      - text/html; charset=utf-8
      Cache-Control:
      - no-cache
      Expires:
      - Fri, 01 Jan 1990 00:00:00 GMT
      Date:
      - Sat, 12 Oct 2013 01:14:51 GMT
      Server:
      - Google Frontend
      Content-Length:
      - '0'
      Alternate-Protocol:
      - 80:quic
    body:
      encoding: UTF-8
      string: ''
    http_version: 
  recorded_at: Sat, 12 Oct 2013 01:14:51 GMT
- request:
    method: get
    uri: http://crypto-class.appspot.com/po?er=f20bdba6ff29eed7b046d1df9fb7000058b1ffb4210a580f748b4ac714c001bd4a61044426fb515dad3f21f18aa577c5bdf302936266926ff37dbf7035d5eeb4
    body:
      encoding: US-ASCII
      string: ''
    headers:
      Accept-Encoding:
      - gzip;q=1.0,deflate;q=0.6,identity;q=0.3
      Accept:
      - '*/*'
      User-Agent:
      - Ruby
  response:
    status:
      code: 403
      message: Forbidden
    headers:
      Content-Type:
      - text/html; charset=utf-8
      Cache-Control:
      - no-cache
      Expires:
      - Fri, 01 Jan 1990 00:00:00 GMT
      Date:
      - Sat, 12 Oct 2013 01:14:52 GMT
      Server:
      - Google Frontend
      Content-Length:
      - '0'
      Alternate-Protocol:
      - 80:quic
    body:
      encoding: UTF-8
      string: ''
    http_version: 
  recorded_at: Sat, 12 Oct 2013 01:14:52 GMT
- request:
    method: get
    uri: http://crypto-class.appspot.com/po?er=f20bdba6ff29eed7b046d1df9fb7000058b1ffb4210a580f748b4ac714c001bd4a61044426fb515dad3f21f18aa577c4bdf302936266926ff37dbf7035d5eeb4
    body:
      encoding: US-ASCII
      string: ''
    headers:
      Accept-Encoding:
      - gzip;q=1.0,deflate;q=0.6,identity;q=0.3
      Accept:
      - '*/*'
      User-Agent:
      - Ruby
  response:
    status:
      code: 403
      message: Forbidden
    headers:
      Content-Type:
      - text/html; charset=utf-8
      Cache-Control:
      - no-cache
      Expires:
      - Fri, 01 Jan 1990 00:00:00 GMT
      Date:
      - Sat, 12 Oct 2013 01:14:52 GMT
      Server:
      - Google Frontend
      Content-Length:
      - '0'
      Alternate-Protocol:
      - 80:quic
    body:
      encoding: UTF-8
      string: ''
    http_version: 
  recorded_at: Sat, 12 Oct 2013 01:14:52 GMT
- request:
    method: get
    uri: http://crypto-class.appspot.com/po?er=f20bdba6ff29eed7b046d1df9fb7000058b1ffb4210a580f748b4ac714c001bd4a61044426fb515dad3f21f18aa577c7bdf302936266926ff37dbf7035d5eeb4
    body:
      encoding: US-ASCII
      string: ''
    headers:
      Accept-Encoding:
      - gzip;q=1.0,deflate;q=0.6,identity;q=0.3
      Accept:
      - '*/*'
      User-Agent:
      - Ruby
  response:
    status:
      code: 403
      message: Forbidden
    headers:
      Content-Type:
      - text/html; charset=utf-8
      Cache-Control:
      - no-cache
      Expires:
      - Fri, 01 Jan 1990 00:00:00 GMT
      Date:
      - Sat, 12 Oct 2013 01:14:52 GMT
      Server:
      - Google Frontend
      Content-Length:
      - '0'
      Alternate-Protocol:
      - 80:quic
    body:
      encoding: UTF-8
      string: ''
    http_version: 
  recorded_at: Sat, 12 Oct 2013 01:14:52 GMT
- request:
    method: get
    uri: http://crypto-class.appspot.com/po?er=f20bdba6ff29eed7b046d1df9fb7000058b1ffb4210a580f748b4ac714c001bd4a61044426fb515dad3f21f18aa577c6bdf302936266926ff37dbf7035d5eeb4
    body:
      encoding: US-ASCII
      string: ''
    headers:
      Accept-Encoding:
      - gzip;q=1.0,deflate;q=0.6,identity;q=0.3
      Accept:
      - '*/*'
      User-Agent:
      - Ruby
  response:
    status:
      code: 403
      message: Forbidden
    headers:
      Content-Type:
      - text/html; charset=utf-8
      Cache-Control:
      - no-cache
      Expires:
      - Fri, 01 Jan 1990 00:00:00 GMT
      Date:
      - Sat, 12 Oct 2013 01:14:53 GMT
      Server:
      - Google Frontend
      Content-Length:
      - '0'
      Alternate-Protocol:
      - 80:quic
    body:
      encoding: UTF-8
      string: ''
    http_version: 
  recorded_at: Sat, 12 Oct 2013 01:14:53 GMT
- request:
    method: get
    uri: http://crypto-class.appspot.com/po?er=f20bdba6ff29eed7b046d1df9fb7000058b1ffb4210a580f748b4ac714c001bd4a61044426fb515dad3f21f18aa577c9bdf302936266926ff37dbf7035d5eeb4
    body:
      encoding: US-ASCII
      string: ''
    headers:
      Accept-Encoding:
      - gzip;q=1.0,deflate;q=0.6,identity;q=0.3
      Accept:
      - '*/*'
      User-Agent:
      - Ruby
  response:
    status:
      code: 403
      message: Forbidden
    headers:
      Content-Type:
      - text/html; charset=utf-8
      Cache-Control:
      - no-cache
      Expires:
      - Fri, 01 Jan 1990 00:00:00 GMT
      Date:
      - Sat, 12 Oct 2013 01:14:53 GMT
      Server:
      - Google Frontend
      Content-Length:
      - '0'
      Alternate-Protocol:
      - 80:quic
    body:
      encoding: UTF-8
      string: ''
    http_version: 
  recorded_at: Sat, 12 Oct 2013 01:14:53 GMT
- request:
    method: get
    uri: http://crypto-class.appspot.com/po?er=f20bdba6ff29eed7b046d1df9fb7000058b1ffb4210a580f748b4ac714c001bd4a61044426fb515dad3f21f18aa577c8bdf302936266926ff37dbf7035d5eeb4
    body:
      encoding: US-ASCII
      string: ''
    headers:
      Accept-Encoding:
      - gzip;q=1.0,deflate;q=0.6,identity;q=0.3
      Accept:
      - '*/*'
      User-Agent:
      - Ruby
  response:
    status:
      code: 404
      message: Not Found
    headers:
      Content-Type:
      - text/html; charset=utf-8
      Cache-Control:
      - no-cache
      Expires:
      - Fri, 01 Jan 1990 00:00:00 GMT
      Date:
      - Sat, 12 Oct 2013 01:14:53 GMT
      Server:
      - Google Frontend
      Content-Length:
      - '0'
      Alternate-Protocol:
      - 80:quic
    body:
      encoding: UTF-8
      string: ''
    http_version: 
  recorded_at: Sat, 12 Oct 2013 01:14:53 GMT
recorded_with: VCR 2.5.0
